// Jest Snapshot v1, https://goo.gl/fbAQLP

exports[`Send renders correctly with invite rewards disabled 1`] = `
<View
  style={
    Object {
      "flex": 1,
    }
  }
>
  <View
    style={
      Object {
        "paddingBottom": 12,
        "paddingHorizontal": 16,
        "paddingTop": 16,
      }
    }
  >
    <View
      style={
        Array [
          Object {
            "alignItems": "center",
            "borderColor": "#EDEEEF",
            "borderRadius": 18,
            "borderWidth": 1.5,
            "flexDirection": "row",
            "height": 36,
            "paddingRight": 8,
          },
          undefined,
        ]
      }
    >
      <View
        style={
          Object {
            "marginLeft": 17,
            "marginRight": 13,
          }
        }
      >
        <svg
          fill="none"
          height={15}
          style={Object {}}
          viewBox="0 0 14 15"
          width={14}
        >
          <path
            clipRule="evenodd"
            d="M2.162 5.946a3.784 3.784 0 107.568 0 3.784 3.784 0 00-7.568 0zM0 5.946a5.946 5.946 0 008.929 5.145l3.225 3.226a1.081 1.081 0 001.53-1.53l-3.11-3.108A5.946 5.946 0 100 5.946z"
            fill="#B4B9BD"
            fillRule="evenodd"
            style={Object {}}
          />
        </svg>
      </View>
      <View
        style={
          Array [
            Object {
              "alignItems": "center",
              "flex": 1,
              "flexDirection": "row",
              "justifyContent": "center",
            },
            undefined,
          ]
        }
      >
        <TextInput
          allowFontScaling={true}
          isPasteIconVisible={false}
          onBlur={[Function]}
          onChangeText={[Function]}
          onFocus={[Function]}
          onPressPaste={[Function]}
          placeholder="global:search"
          rejectResponderTermination={true}
          shouldShowClipboard={[Function]}
          style={
            Array [
              Object {
                "color": "#2E3338",
                "flex": 1,
                "fontFamily": "Inter-Regular",
                "fontSize": 16,
                "lineHeight": 22,
                "paddingHorizontal": 0,
                "paddingVertical": 12,
              },
              undefined,
              Object {
                "paddingVertical": 6,
              },
            ]
          }
          testID="SearchInput"
          underlineColorAndroid="transparent"
          value=""
        />
      </View>
    </View>
  </View>
  <View
    style={
      Object {
        "flex": 1,
      }
    }
    testID="RecipientPicker"
  >
    <RCTScrollView
      ListEmptyComponent={
        <View
          style={
            Object {
              "justifyContent": "center",
              "paddingHorizontal": 24,
            }
          }
        >
          <View
            style={
              Object {
                "justifyContent": "center",
                "paddingVertical": 24,
                "textAlign": "center",
              }
            }
          >
            <Text
              style={
                Object {
                  "color": "#B4B9BD",
                  "fontFamily": "Inter-Regular",
                  "fontSize": 18,
                  "lineHeight": 24,
                  "textAlign": "center",
                }
              }
            >
              noContacts
            </Text>
          </View>
        </View>
      }
      ListHeaderComponent={[Function]}
      contentContainerStyle={null}
      data={
        Array [
          Object {
            "data": Array [
              Object {
                "address": "0x0000000000000000000000000000000000007E57",
                "contactId": "contactId",
                "displayId": "14155550000",
                "displayName": "John Doe",
                "e164PhoneNumber": "+14155550000",
                "kind": "Contact",
                "phoneNumberLabel": "phoneNumLabel",
              },
            ],
            "key": "recent",
          },
          Object {
            "data": Array [
              Object {
                "address": "0x9335BaFcE54cAa0D6690d1D4DA6406568b52488F",
                "contactId": "contactId",
                "displayId": "13105550000",
                "displayName": "Jane Doe",
                "e164PhoneNumber": "+13105550000",
                "kind": "Contact",
                "phoneNumberLabel": "phoneNumLabel",
              },
              Object {
                "contactId": "contactId4",
                "displayName": "Zebra Zone",
                "kind": "Contact",
              },
            ],
            "key": "contacts",
          },
        ]
      }
      disableVirtualization={false}
      getItem={[Function]}
      getItemCount={[Function]}
      horizontal={false}
      initialNumToRender={30}
      keyExtractor={[Function]}
      keyboardShouldPersistTaps="always"
      maxToRenderPerBatch={10}
      onContentSizeChange={[Function]}
      onEndReachedThreshold={2}
      onLayout={[Function]}
      onMomentumScrollEnd={[Function]}
      onScroll={[Function]}
      onScrollBeginDrag={[Function]}
      onScrollEndDrag={[Function]}
      renderItem={[Function]}
      scrollEventThrottle={50}
      stickyHeaderIndices={Array []}
      updateCellsBatchingPeriod={50}
      windowSize={21}
    >
      <View>
        <View
          onLayout={[Function]}
        />
        <View
          onLayout={[Function]}
          style={null}
        >
          <View
            style={
              Array [
                Object {
                  "alignItems": "center",
                  "backgroundColor": "#FFFFFF",
                  "flexDirection": "row",
                  "justifyContent": "space-between",
                  "paddingHorizontal": 16,
                  "paddingVertical": 8,
                },
                undefined,
              ]
            }
          >
            <Text
              style={
                Object {
                  "color": "#9CA4A9",
                  "fontFamily": "Inter-Medium",
                  "fontSize": 13,
                  "lineHeight": 16,
                }
              }
            >
              recent
            </Text>
          </View>
        </View>
        <View
          onLayout={[Function]}
          style={null}
        >
          <View
            accessible={true}
            focusable={true}
            nativeBackgroundAndroid={
              Object {
                "attribute": "selectableItemBackground",
                "rippleRadius": undefined,
                "type": "ThemeAttrAndroid",
              }
            }
            onClick={[Function]}
            onResponderGrant={[Function]}
            onResponderMove={[Function]}
            onResponderRelease={[Function]}
            onResponderTerminate={[Function]}
            onResponderTerminationRequest={[Function]}
            onStartShouldSetResponder={[Function]}
            testID="RecipientItem"
          >
            <View
              style={
                Object {
                  "alignItems": "center",
                  "flex": 1,
                  "flexDirection": "row",
                  "height": 64,
                  "justifyContent": "space-between",
                  "paddingHorizontal": 16,
                }
              }
            >
              <View
                style={
                  Array [
                    Object {
                      "alignItems": "center",
                      "flexDirection": "row",
                      "justifyContent": "center",
                    },
                    Object {
                      "marginRight": 12,
                    },
                  ]
                }
              >
                <View
                  style={
                    Array [
                      Object {
                        "alignItems": "center",
                        "justifyContent": "center",
                      },
                      Object {
                        "backgroundColor": "hsl(0, 53%, 93%)",
                        "borderRadius": 20,
                        "height": 40,
                        "width": 40,
                      },
                    ]
                  }
                >
                  <Text
                    style={
                      Array [
                        Object {
                          "color": "#FFFFFF",
                          "fontFamily": "Inter-Medium",
                          "fontSize": 16,
                        },
                        Object {
                          "color": "hsl(0, 67%, 24%)",
                          "fontSize": 20,
                        },
                      ]
                    }
                  >
                    J
                  </Text>
                </View>
              </View>
              <View
                style={
                  Object {
                    "flex": 1,
                  }
                }
              >
                <Text
                  ellipsizeMode="tail"
                  numberOfLines={1}
                  style={
                    Object {
                      "color": "#2E3338",
                      "fontFamily": "Inter-Medium",
                      "fontSize": 16,
                      "lineHeight": 22,
                    }
                  }
                >
                  John Doe
                </Text>
                <Text
                  style={
                    Object {
                      "color": "#9CA4A9",
                      "fontFamily": "Inter-Regular",
                      "fontSize": 14,
                      "lineHeight": 18,
                    }
                  }
                >
                  14155550000
                </Text>
              </View>
              <View
                style={
                  Object {
                    "alignItems": "center",
                    "justifyContent": "center",
                  }
                }
              >
                <View
                  style={
                    Array [
                      Object {
                        "shadowColor": "rgba(46, 51, 56, 0.15)",
                        "shadowOffset": Object {
                          "height": 0,
                          "width": 0,
                        },
                        "shadowOpacity": 1,
                        "shadowRadius": 2,
                      },
                      Object {
                        "marginRight": 16,
                      },
                    ]
                  }
                >
                  <svg
                    fill="none"
                    height={32}
                    viewBox="0 0 32 32"
                    width={32}
                  >
                    <g>
                      <path
                        d="M18.39 26.77c1.072-8.36 5.002-13.12 10.943-17.434l-3.037-4.003c-3.886 2.98-8.13 7.205-10.095 13.032-1.608-4.76-4.958-8.94-10.363-13.032L2.667 9.425C9.41 14.228 12.807 19.61 13.744 26.77h4.646z"
                        fill="url(#prefix__paint0_linear)"
                      />
                    </g>
                    <defs>
                      <linearGradient
                        gradientUnits="userSpaceOnUse"
                        id="prefix__paint0_linear"
                        x1={34.337}
                        x2={28.937}
                        y1={10.054}
                        y2={30.49}
                      >
                        <stop
                          offset={0.118}
                          stopColor="#35D07F"
                        />
                        <stop
                          offset={0.802}
                          stopColor="#FBCC5C"
                        />
                      </linearGradient>
                    </defs>
                  </svg>
                </View>
              </View>
            </View>
          </View>
        </View>
        <View
          onLayout={[Function]}
          style={null}
        />
        <View
          onLayout={[Function]}
          style={null}
        >
          <View
            style={
              Array [
                Object {
                  "alignItems": "center",
                  "backgroundColor": "#FFFFFF",
                  "flexDirection": "row",
                  "justifyContent": "space-between",
                  "paddingHorizontal": 16,
                  "paddingVertical": 8,
                },
                undefined,
              ]
            }
          >
            <Text
              style={
                Object {
                  "color": "#9CA4A9",
                  "fontFamily": "Inter-Medium",
                  "fontSize": 13,
                  "lineHeight": 16,
                }
              }
            >
              contacts
            </Text>
          </View>
        </View>
        <View
          onLayout={[Function]}
          style={null}
        >
          <View>
            <View
              accessible={true}
              focusable={true}
              nativeBackgroundAndroid={
                Object {
                  "attribute": "selectableItemBackground",
                  "rippleRadius": undefined,
                  "type": "ThemeAttrAndroid",
                }
              }
              onClick={[Function]}
              onResponderGrant={[Function]}
              onResponderMove={[Function]}
              onResponderRelease={[Function]}
              onResponderTerminate={[Function]}
              onResponderTerminationRequest={[Function]}
              onStartShouldSetResponder={[Function]}
              testID="RecipientItem"
            >
              <View
                style={
                  Object {
                    "alignItems": "center",
                    "flex": 1,
                    "flexDirection": "row",
                    "height": 64,
                    "justifyContent": "space-between",
                    "paddingHorizontal": 16,
                  }
                }
              >
                <View
                  style={
                    Array [
                      Object {
                        "alignItems": "center",
                        "flexDirection": "row",
                        "justifyContent": "center",
                      },
                      Object {
                        "marginRight": 12,
                      },
                    ]
                  }
                >
                  <View
                    style={
                      Array [
                        Object {
                          "alignItems": "center",
                          "justifyContent": "center",
                        },
                        Object {
                          "backgroundColor": "hsl(195, 53%, 93%)",
                          "borderRadius": 20,
                          "height": 40,
                          "width": 40,
                        },
                      ]
                    }
                  >
                    <Text
                      style={
                        Array [
                          Object {
                            "color": "#FFFFFF",
                            "fontFamily": "Inter-Medium",
                            "fontSize": 16,
                          },
                          Object {
                            "color": "hsl(195, 67%, 24%)",
                            "fontSize": 20,
                          },
                        ]
                      }
                    >
                      J
                    </Text>
                  </View>
                </View>
                <View
                  style={
                    Object {
                      "flex": 1,
                    }
                  }
                >
                  <Text
                    ellipsizeMode="tail"
                    numberOfLines={1}
                    style={
                      Object {
                        "color": "#2E3338",
                        "fontFamily": "Inter-Medium",
                        "fontSize": 16,
                        "lineHeight": 22,
                      }
                    }
                  >
                    Jane Doe
                  </Text>
                  <Text
                    style={
                      Object {
                        "color": "#9CA4A9",
                        "fontFamily": "Inter-Regular",
                        "fontSize": 14,
                        "lineHeight": 18,
                      }
                    }
                  >
                    13105550000
                  </Text>
                </View>
                <View
                  style={
                    Object {
                      "alignItems": "center",
                      "justifyContent": "center",
                    }
                  }
                >
                  <View
                    style={
                      Array [
                        Object {
                          "shadowColor": "rgba(46, 51, 56, 0.15)",
                          "shadowOffset": Object {
                            "height": 0,
                            "width": 0,
                          },
                          "shadowOpacity": 1,
                          "shadowRadius": 2,
                        },
                        Object {
                          "marginRight": 16,
                        },
                      ]
                    }
                  >
                    <svg
                      fill="none"
                      height={32}
                      viewBox="0 0 32 32"
                      width={32}
                    >
                      <g>
                        <path
                          d="M18.39 26.77c1.072-8.36 5.002-13.12 10.943-17.434l-3.037-4.003c-3.886 2.98-8.13 7.205-10.095 13.032-1.608-4.76-4.958-8.94-10.363-13.032L2.667 9.425C9.41 14.228 12.807 19.61 13.744 26.77h4.646z"
                          fill="url(#prefix__paint0_linear)"
                        />
                      </g>
                      <defs>
                        <linearGradient
                          gradientUnits="userSpaceOnUse"
                          id="prefix__paint0_linear"
                          x1={34.337}
                          x2={28.937}
                          y1={10.054}
                          y2={30.49}
                        >
                          <stop
                            offset={0.118}
                            stopColor="#35D07F"
                          />
                          <stop
                            offset={0.802}
                            stopColor="#FBCC5C"
                          />
                        </linearGradient>
                      </defs>
                    </svg>
                  </View>
                </View>
              </View>
            </View>
            <View
              style={Object {}}
            />
          </View>
        </View>
        <View
          onLayout={[Function]}
          style={null}
        >
          <View
            accessible={true}
            focusable={true}
            nativeBackgroundAndroid={
              Object {
                "attribute": "selectableItemBackground",
                "rippleRadius": undefined,
                "type": "ThemeAttrAndroid",
              }
            }
            onClick={[Function]}
            onResponderGrant={[Function]}
            onResponderMove={[Function]}
            onResponderRelease={[Function]}
            onResponderTerminate={[Function]}
            onResponderTerminationRequest={[Function]}
            onStartShouldSetResponder={[Function]}
            testID="RecipientItem"
          >
            <View
              style={
                Object {
                  "alignItems": "center",
                  "flex": 1,
                  "flexDirection": "row",
                  "height": 64,
                  "justifyContent": "space-between",
                  "paddingHorizontal": 16,
                }
              }
            >
              <View
                style={
                  Array [
                    Object {
                      "alignItems": "center",
                      "flexDirection": "row",
                      "justifyContent": "center",
                    },
                    Object {
                      "marginRight": 12,
                    },
                  ]
                }
              >
                <View
                  style={
                    Array [
                      Object {
                        "alignItems": "center",
                        "justifyContent": "center",
                      },
                      Object {
                        "backgroundColor": "hsl(0, 53%, 93%)",
                        "borderRadius": 20,
                        "height": 40,
                        "width": 40,
                      },
                    ]
                  }
                >
                  <Text
                    style={
                      Array [
                        Object {
                          "color": "#FFFFFF",
                          "fontFamily": "Inter-Medium",
                          "fontSize": 16,
                        },
                        Object {
                          "color": "hsl(0, 67%, 24%)",
                          "fontSize": 20,
                        },
                      ]
                    }
                  >
                    Z
                  </Text>
                </View>
              </View>
              <View
                style={
                  Object {
                    "flex": 1,
                  }
                }
              >
                <Text
                  ellipsizeMode="tail"
                  numberOfLines={1}
                  style={
                    Object {
                      "color": "#2E3338",
                      "fontFamily": "Inter-Medium",
                      "fontSize": 16,
                      "lineHeight": 22,
                    }
                  }
                >
                  Zebra Zone
                </Text>
                <Text
                  style={
                    Object {
                      "color": "#9CA4A9",
                      "fontFamily": "Inter-Regular",
                      "fontSize": 14,
                      "lineHeight": 18,
                    }
                  }
                />
              </View>
              <View
                style={
                  Object {
                    "alignItems": "center",
                    "justifyContent": "center",
                  }
                }
              />
            </View>
          </View>
        </View>
        <View
          onLayout={[Function]}
          style={null}
        />
      </View>
    </RCTScrollView>
    <View
      collapsable={false}
      style={
        Array [
          Object {
            "bottom": 0,
            "left": 0,
            "right": 0,
          },
          Object {
            "height": 0,
          },
          undefined,
        ]
      }
    />
  </View>
</View>
`;
